iverilog -o sim_build/sim.vvp -s loss -s dump -g2012 src/pe.sv src/leaky_relu.sv src/systolic.sv src/nn.sv src/bias.sv src/fixedpoint.sv src/control_unit.sv src/input_acc.sv src/weight_acc.sv src/unified_buffer.sv src/loss.sv test/dump_loss.sv
PYTHONOPTIMIZE= MODULE=test_loss vvp -M /Users/evanlin/opt/anaconda3/lib/python3.9/site-packages/cocotb/libs -m libcocotbvpi_icarus sim_build/sim.vvp
libcocotbvpi_icarus:`/Users/evanlin/opt/anaconda3/lib/python3.9/site-packages/cocotb/libs/libcocotbvpi_icarus.vpl' failed to open using dlopen() because:
    dlopen(/Users/evanlin/opt/anaconda3/lib/python3.9/site-packages/cocotb/libs/libcocotbvpi_icarus.vpl, 0x0009): tried: '/Users/evanlin/opt/anaconda3/lib/python3.9/site-packages/cocotb/libs/libcocotbvpi_icarus.vpl' (mach-o file, but is an incompatible architecture (have 'x86_64', need 'arm64e' or 'arm64')), '/System/Volumes/Preboot/Cryptexes/OS/Users/evanlin/opt/anaconda3/lib/python3.9/site-packages/cocotb/libs/libcocotbvpi_icarus.vpl' (no such file), '/Users/evanlin/opt/anaconda3/lib/python3.9/site-packages/cocotb/libs/libcocotbvpi_icarus.vpl' (mach-o file, but is an incompatible architecture (have 'x86_64', need 'arm64e' or 'arm64')).
VCD info: dumpfile waveforms/loss.vcd opened for output.
! grep failure results.xml
      <failure message="Test failed with RANDOM_SEED=1754348655" />
make: *** [test_loss] Error 1
